---
source: tests/stash.rs
expression: snapshot_checkpoints(&checkpoints_after_pop)
---
[
    SnapshotCheckpoint {
        author: "ai_agent",
        has_agent: true,
        agent_tool: Some(
            "cursor",
        ),
        entries: [
            SnapshotEntry {
                file: "test.txt",
                added_lines: [
                    Single(
                        4,
                    ),
                ],
                deleted_lines: [],
            },
        ],
    },
]
